
> hdhtoys-backend@0.1.0 dev
> tsx watch src/server.ts

HDH Toys backend listening on http://localhost:4000
PrismaClientKnownRequestError: 
Invalid `prisma.order.count()` invocation in
D:\GLOBEE\SelfLearning\HDHToys\backend\src\services\orders.service.ts:48:18

  45 
  46 const [items, total] = await Promise.all([
  47   prisma.order.findMany({ where, include: orderInclude, orderBy: { createdAt: "desc" }, skip: (page - 1) * pageSize, take: pageSize }),
→ 48   prisma.order.count(
Timed out fetching a new connection from the connection pool. More info: http://pris.ly/d/connection-pool (Current connection pool timeout: 10, connection limit: 17)
    at ei.handleRequestError (D:\GLOBEE\SelfLearning\HDHToys\backend\node_modules\@prisma\client\src\runtime\RequestHandler.ts:228:13)
    at ei.handleAndLogRequestError (D:\GLOBEE\SelfLearning\HDHToys\backend\node_modules\@prisma\client\src\runtime\RequestHandler.ts:174:12)
    at ei.request (D:\GLOBEE\SelfLearning\HDHToys\backend\node_modules\@prisma\client\src\runtime\RequestHandler.ts:143:12)
    at async a (D:\GLOBEE\SelfLearning\HDHToys\backend\node_modules\@prisma\client\src\runtime\getPrismaClient.ts:833:24)
    at async Promise.all (index 1)
    at async Module.list (D:\GLOBEE\SelfLearning\HDHToys\backend\src\services\orders.service.ts:46:26)
    at async list (D:\GLOBEE\SelfLearning\HDHToys\backend\src\controllers\orders.controller.ts:21:12) {
  code: 'P2024',
  meta: { modelName: 'Order', connection_limit: 17, timeout: 10 },
  clientVersion: '6.19.3'
}
PrismaClientKnownRequestError: 
Invalid `prisma.product.findMany()` invocation in
D:\GLOBEE\SelfLearning\HDHToys\backend\src\services\products.service.ts:32:20

  29 }
  30 
  31 const [items, total] = await Promise.all([
→ 32   prisma.product.findMany(
Timed out fetching a new connection from the connection pool. More info: http://pris.ly/d/connection-pool (Current connection pool timeout: 10, connection limit: 17)
    at ei.handleRequestError (D:\GLOBEE\SelfLearning\HDHToys\backend\node_modules\@prisma\client\src\runtime\RequestHandler.ts:228:13)
    at ei.handleAndLogRequestError (D:\GLOBEE\SelfLearning\HDHToys\backend\node_modules\@prisma\client\src\runtime\RequestHandler.ts:174:12)
    at ei.request (D:\GLOBEE\SelfLearning\HDHToys\backend\node_modules\@prisma\client\src\runtime\RequestHandler.ts:143:12)
    at async a (D:\GLOBEE\SelfLearning\HDHToys\backend\node_modules\@prisma\client\src\runtime\getPrismaClient.ts:833:24)
    at async Promise.all (index 0)
    at async Module.list (D:\GLOBEE\SelfLearning\HDHToys\backend\src\services\products.service.ts:31:26)
    at async list (D:\GLOBEE\SelfLearning\HDHToys\backend\src\controllers\products.controller.ts:18:12) {
  code: 'P2024',
  meta: { modelName: 'Product', connection_limit: 17, timeout: 10 },
  clientVersion: '6.19.3'
}
